------------------------------------------------------------
TimeQuest Timing Analyzer Summary
------------------------------------------------------------

Type  : Slow 1200mV 85C Model Setup 'sck'
Slack : -2.091
TNS   : -92.581

Type  : Slow 1200mV 85C Model Setup 'vgapll|altpll_component|auto_generated|pll1|clk[0]'
Slack : 34.603
TNS   : 0.000

Type  : Slow 1200mV 85C Model Hold 'sck'
Slack : 0.464
TNS   : 0.000

Type  : Slow 1200mV 85C Model Hold 'vgapll|altpll_component|auto_generated|pll1|clk[0]'
Slack : 0.517
TNS   : 0.000

Type  : Slow 1200mV 85C Model Minimum Pulse Width 'sck'
Slack : -3.000
TNS   : -78.837

Type  : Slow 1200mV 85C Model Minimum Pulse Width 'clk'
Slack : 12.429
TNS   : 0.000

Type  : Slow 1200mV 85C Model Minimum Pulse Width 'vgapll|altpll_component|auto_generated|pll1|clk[0]'
Slack : 19.573
TNS   : 0.000

Type  : Slow 1200mV 0C Model Setup 'sck'
Slack : -1.896
TNS   : -83.055

Type  : Slow 1200mV 0C Model Setup 'vgapll|altpll_component|auto_generated|pll1|clk[0]'
Slack : 34.935
TNS   : 0.000

Type  : Slow 1200mV 0C Model Hold 'sck'
Slack : 0.427
TNS   : 0.000

Type  : Slow 1200mV 0C Model Hold 'vgapll|altpll_component|auto_generated|pll1|clk[0]'
Slack : 0.479
TNS   : 0.000

Type  : Slow 1200mV 0C Model Minimum Pulse Width 'sck'
Slack : -3.000
TNS   : -78.837

Type  : Slow 1200mV 0C Model Minimum Pulse Width 'clk'
Slack : 12.417
TNS   : 0.000

Type  : Slow 1200mV 0C Model Minimum Pulse Width 'vgapll|altpll_component|auto_generated|pll1|clk[0]'
Slack : 19.570
TNS   : 0.000

Type  : Fast 1200mV 0C Model Setup 'sck'
Slack : -0.296
TNS   : -11.119

Type  : Fast 1200mV 0C Model Setup 'vgapll|altpll_component|auto_generated|pll1|clk[0]'
Slack : 37.543
TNS   : 0.000

Type  : Fast 1200mV 0C Model Hold 'sck'
Slack : 0.179
TNS   : 0.000

Type  : Fast 1200mV 0C Model Hold 'vgapll|altpll_component|auto_generated|pll1|clk[0]'
Slack : 0.209
TNS   : 0.000

Type  : Fast 1200mV 0C Model Minimum Pulse Width 'sck'
Slack : -3.000
TNS   : -58.644

Type  : Fast 1200mV 0C Model Minimum Pulse Width 'clk'
Slack : 12.097
TNS   : 0.000

Type  : Fast 1200mV 0C Model Minimum Pulse Width 'vgapll|altpll_component|auto_generated|pll1|clk[0]'
Slack : 19.650
TNS   : 0.000

------------------------------------------------------------
